2026-05-25 09:48:38,783 INFO o.a.j.u.JMeterUtils: Setting Locale to zh_CN
2026-05-25 09:48:38,792 INFO o.a.j.JMeter: Loading user properties from: C:\Users\Administrator\Desktop\052100\jmeter\bin\user.properties
2026-05-25 09:48:38,792 INFO o.a.j.JMeter: Loading system properties from: C:\Users\Administrator\Desktop\052100\jmeter\bin\system.properties
2026-05-25 09:48:38,796 INFO o.a.j.JMeter: Copyright (c) 1998-2024 The Apache Software Foundation
2026-05-25 09:48:38,797 INFO o.a.j.JMeter: Version 5.6.3
2026-05-25 09:48:38,797 INFO o.a.j.JMeter: java.version=1.8.0_144
2026-05-25 09:48:38,797 INFO o.a.j.JMeter: java.vm.name=Java HotSpot(TM) 64-Bit Server VM
2026-05-25 09:48:38,797 INFO o.a.j.JMeter: os.name=Windows 10
2026-05-25 09:48:38,797 INFO o.a.j.JMeter: os.arch=amd64
2026-05-25 09:48:38,797 INFO o.a.j.JMeter: os.version=10.0
2026-05-25 09:48:38,797 INFO o.a.j.JMeter: file.encoding=GBK
2026-05-25 09:48:38,797 INFO o.a.j.JMeter: java.awt.headless=null
2026-05-25 09:48:38,797 INFO o.a.j.JMeter: Max memory     =7537164288
2026-05-25 09:48:38,797 INFO o.a.j.JMeter: Available Processors =12
2026-05-25 09:48:38,801 INFO o.a.j.JMeter: Default Locale=中文 (中国)
2026-05-25 09:48:38,801 INFO o.a.j.JMeter: JMeter  Locale=中文 (中国)
2026-05-25 09:48:38,801 INFO o.a.j.JMeter: JMeterHome=C:\Users\Administrator\Desktop\052100\jmeter
2026-05-25 09:48:38,801 INFO o.a.j.JMeter: user.dir  =C:\Users\Administrator\Desktop\052100
2026-05-25 09:48:38,801 INFO o.a.j.JMeter: PWD       =C:\Users\Administrator\Desktop\052100
2026-05-25 09:48:38,802 INFO o.a.j.JMeter: IP: 192.168.2.135 Name: WIN-74I2E6LRTBV FullName: WIN-74I2E6LRTBV
